// Jest Snapshot v1, https://goo.gl/fbAQLP

exports[`Controller Component renders correctly 1`] = `
<div>
  <Row
    bsClass="row"
    componentClass="div"
  >
    <Col
      bsClass="col"
      componentClass="div"
      xs={6}
      xsOffset={6}
    >
      <label>
        Workout Time
        <input
          defaultValue="20"
          placeholder=""
          type="number"
        />
        Minutes
      </label>
      <br />
      <label>
        Workout Interval
        <input
          defaultValue="40"
          placeholder=""
          type="number"
        />
        Seconds
      </label>
      <br />
      <label>
        Rest Interval
        <input
          defaultValue="20"
          placeholder=""
          type="number"
        />
        Seconds
      </label>
      <br />
      <button>
        START
      </button>
    </Col>
  </Row>
  <Row
    bsClass="row"
    componentClass="div"
  >
    <Col
      bsClass="col"
      componentClass="div"
      xs={6}
    >
      <h3>
        Cardio Exercises
      </h3>
      <Connect(ExerciseSelect)
        defaultValue="Select exercise"
        options={Array []}
      />
    </Col>
    <Col
      bsClass="col"
      componentClass="div"
      xs={6}
    >
      <h3>
        Weight Exercises
      </h3>
      <Connect(ExerciseSelect)
        defaultValue="Select exercise"
      />
    </Col>
  </Row>
</div>
`;
