// Jest Snapshot v1, https://goo.gl/fbAQLP

exports[`Home Component renders correctly 1`] = `
<Row
  bsClass="row"
  componentClass="div"
>
  <Col
    bsClass="col"
    componentClass="div"
    md={12}
  >
    <div
      className="lander"
    >
      <PageHeader
        bsClass="page-header"
      >
        FIIT Trainer 
        <small>
          A programmable HIIT Trainer
        </small>
      </PageHeader>
      <Connect(Controller) />
      <List
        list={
          Object {
            "items": Array [
              Object {
                "text": "hello",
              },
            ],
          }
        }
        removeAction={[Function]}
      />
    </div>
  </Col>
</Row>
`;
